[13-Mar-2024 06:36:24 UTC] PHP Fatal error:  Uncaught ReflectionException: Class "Spark\Http\Middleware\VerifyBillableIsSubscribed" does not exist in Command line code:1
Stack trace:
#0 Command line code(1): ReflectionMethod->__construct('Spark\\Http\\Midd...', 'handle')
#1 {main}
  thrown in Command line code on line 1
[14-Mar-2024 02:39:42 UTC] PHP Fatal error:  Uncaught ReflectionException: Class "Spark\Http\Middleware\VerifyBillableIsSubscribed" does not exist in Command line code:1
Stack trace:
#0 Command line code(1): ReflectionMethod->__construct('Spark\\Http\\Midd...', 'handle')
#1 {main}
  thrown in Command line code on line 1
[18-Mar-2024 00:58:56 UTC] PHP Fatal error:  Trait "App\Models\HasRoles" not found in G:\eolf-sains-lara\app\Models\User.php on line 10
[18-Mar-2024 00:59:44 UTC] PHP Fatal error:  Uncaught Illuminate\Contracts\Container\BindingResolutionException: Target [Illuminate\Contracts\Auth\Access\Gate] is not instantiable while building [Spatie\LaravelIgnition\IgnitionServiceProvider]. in G:\eolf-sains-lara\vendor\laravel\framework\src\Illuminate\Container\Container.php:1118
Stack trace:
#0 G:\eolf-sains-lara\vendor\laravel\framework\src\Illuminate\Container\Container.php(913): Illuminate\Container\Container->notInstantiable('Illuminate\\Cont...')
#1 G:\eolf-sains-lara\vendor\laravel\framework\src\Illuminate\Container\Container.php(787): Illuminate\Container\Container->build('Illuminate\\Cont...')
#2 G:\eolf-sains-lara\vendor\laravel\framework\src\Illuminate\Foundation\Application.php(1026): Illuminate\Container\Container->resolve('Illuminate\\Cont...', Array, true)
#3 G:\eolf-sains-lara\vendor\laravel\framework\src\Illuminate\Container\Container.php(723): Illuminate\Foundation\Application->resolve('Illuminate\\Cont...', Array)
#4 G:\eolf-sains-lara\vendor\laravel\framework\src\Illuminate\Foundation\Application.php(1011): Illuminate\Container\Container->make('Illuminate\\Cont...', Array)
#5 G:\eolf-sains-lara\vendor\laravel\framework\src\Illuminate\Container\Container.php(1446): Illuminate\Foundation\Application->make('Illuminate\\Cont...')
#6 G:\eolf-sains-lara\vendor\laravel\framework\src\Illuminate\Support\Facades\Facade.php(237): Illuminate\Container\Container->offsetGet('Illuminate\\Cont...')
#7 G:\eolf-sains-lara\vendor\laravel\framework\src\Illuminate\Support\Facades\Facade.php(208): Illuminate\Support\Facades\Facade::resolveFacadeInstance('Illuminate\\Cont...')
#8 G:\eolf-sains-lara\vendor\laravel\framework\src\Illuminate\Support\Facades\Facade.php(351): Illuminate\Support\Facades\Facade::getFacadeRoot()
#9 Command line code(1): Illuminate\Support\Facades\Facade::__callStatic('abilities', Array)
#10 {main}
  thrown in G:\eolf-sains-lara\vendor\laravel\framework\src\Illuminate\Container\Container.php on line 1118
[18-Mar-2024 00:59:44 UTC] PHP Fatal error:  Trait "App\Models\HasRoles" not found in G:\eolf-sains-lara\app\Models\User.php on line 10
[18-Mar-2024 01:00:44 UTC] PHP Fatal error:  Uncaught Illuminate\Contracts\Container\BindingResolutionException: Target [Illuminate\Contracts\Auth\Access\Gate] is not instantiable while building [Spatie\LaravelIgnition\IgnitionServiceProvider]. in G:\eolf-sains-lara\vendor\laravel\framework\src\Illuminate\Container\Container.php:1118
Stack trace:
#0 G:\eolf-sains-lara\vendor\laravel\framework\src\Illuminate\Container\Container.php(913): Illuminate\Container\Container->notInstantiable('Illuminate\\Cont...')
#1 G:\eolf-sains-lara\vendor\laravel\framework\src\Illuminate\Container\Container.php(787): Illuminate\Container\Container->build('Illuminate\\Cont...')
#2 G:\eolf-sains-lara\vendor\laravel\framework\src\Illuminate\Foundation\Application.php(1026): Illuminate\Container\Container->resolve('Illuminate\\Cont...', Array, true)
#3 G:\eolf-sains-lara\vendor\laravel\framework\src\Illuminate\Container\Container.php(723): Illuminate\Foundation\Application->resolve('Illuminate\\Cont...', Array)
#4 G:\eolf-sains-lara\vendor\laravel\framework\src\Illuminate\Foundation\Application.php(1011): Illuminate\Container\Container->make('Illuminate\\Cont...', Array)
#5 G:\eolf-sains-lara\vendor\laravel\framework\src\Illuminate\Container\Container.php(1446): Illuminate\Foundation\Application->make('Illuminate\\Cont...')
#6 G:\eolf-sains-lara\vendor\laravel\framework\src\Illuminate\Support\Facades\Facade.php(237): Illuminate\Container\Container->offsetGet('Illuminate\\Cont...')
#7 G:\eolf-sains-lara\vendor\laravel\framework\src\Illuminate\Support\Facades\Facade.php(208): Illuminate\Support\Facades\Facade::resolveFacadeInstance('Illuminate\\Cont...')
#8 G:\eolf-sains-lara\vendor\laravel\framework\src\Illuminate\Support\Facades\Facade.php(351): Illuminate\Support\Facades\Facade::getFacadeRoot()
#9 Command line code(1): Illuminate\Support\Facades\Facade::__callStatic('abilities', Array)
#10 {main}
  thrown in G:\eolf-sains-lara\vendor\laravel\framework\src\Illuminate\Container\Container.php on line 1118
[18-Mar-2024 01:01:44 UTC] PHP Fatal error:  Uncaught Illuminate\Contracts\Container\BindingResolutionException: Target [Illuminate\Contracts\Auth\Access\Gate] is not instantiable while building [Spatie\LaravelIgnition\IgnitionServiceProvider]. in G:\eolf-sains-lara\vendor\laravel\framework\src\Illuminate\Container\Container.php:1118
Stack trace:
#0 G:\eolf-sains-lara\vendor\laravel\framework\src\Illuminate\Container\Container.php(913): Illuminate\Container\Container->notInstantiable('Illuminate\\Cont...')
#1 G:\eolf-sains-lara\vendor\laravel\framework\src\Illuminate\Container\Container.php(787): Illuminate\Container\Container->build('Illuminate\\Cont...')
#2 G:\eolf-sains-lara\vendor\laravel\framework\src\Illuminate\Foundation\Application.php(1026): Illuminate\Container\Container->resolve('Illuminate\\Cont...', Array, true)
#3 G:\eolf-sains-lara\vendor\laravel\framework\src\Illuminate\Container\Container.php(723): Illuminate\Foundation\Application->resolve('Illuminate\\Cont...', Array)
#4 G:\eolf-sains-lara\vendor\laravel\framework\src\Illuminate\Foundation\Application.php(1011): Illuminate\Container\Container->make('Illuminate\\Cont...', Array)
#5 G:\eolf-sains-lara\vendor\laravel\framework\src\Illuminate\Container\Container.php(1446): Illuminate\Foundation\Application->make('Illuminate\\Cont...')
#6 G:\eolf-sains-lara\vendor\laravel\framework\src\Illuminate\Support\Facades\Facade.php(237): Illuminate\Container\Container->offsetGet('Illuminate\\Cont...')
#7 G:\eolf-sains-lara\vendor\laravel\framework\src\Illuminate\Support\Facades\Facade.php(208): Illuminate\Support\Facades\Facade::resolveFacadeInstance('Illuminate\\Cont...')
#8 G:\eolf-sains-lara\vendor\laravel\framework\src\Illuminate\Support\Facades\Facade.php(351): Illuminate\Support\Facades\Facade::getFacadeRoot()
#9 Command line code(1): Illuminate\Support\Facades\Facade::__callStatic('abilities', Array)
#10 {main}
  thrown in G:\eolf-sains-lara\vendor\laravel\framework\src\Illuminate\Container\Container.php on line 1118
[18-Mar-2024 01:02:44 UTC] PHP Fatal error:  Uncaught Illuminate\Contracts\Container\BindingResolutionException: Target [Illuminate\Contracts\Auth\Access\Gate] is not instantiable while building [Spatie\LaravelIgnition\IgnitionServiceProvider]. in G:\eolf-sains-lara\vendor\laravel\framework\src\Illuminate\Container\Container.php:1118
Stack trace:
#0 G:\eolf-sains-lara\vendor\laravel\framework\src\Illuminate\Container\Container.php(913): Illuminate\Container\Container->notInstantiable('Illuminate\\Cont...')
#1 G:\eolf-sains-lara\vendor\laravel\framework\src\Illuminate\Container\Container.php(787): Illuminate\Container\Container->build('Illuminate\\Cont...')
#2 G:\eolf-sains-lara\vendor\laravel\framework\src\Illuminate\Foundation\Application.php(1026): Illuminate\Container\Container->resolve('Illuminate\\Cont...', Array, true)
#3 G:\eolf-sains-lara\vendor\laravel\framework\src\Illuminate\Container\Container.php(723): Illuminate\Foundation\Application->resolve('Illuminate\\Cont...', Array)
#4 G:\eolf-sains-lara\vendor\laravel\framework\src\Illuminate\Foundation\Application.php(1011): Illuminate\Container\Container->make('Illuminate\\Cont...', Array)
#5 G:\eolf-sains-lara\vendor\laravel\framework\src\Illuminate\Container\Container.php(1446): Illuminate\Foundation\Application->make('Illuminate\\Cont...')
#6 G:\eolf-sains-lara\vendor\laravel\framework\src\Illuminate\Support\Facades\Facade.php(237): Illuminate\Container\Container->offsetGet('Illuminate\\Cont...')
#7 G:\eolf-sains-lara\vendor\laravel\framework\src\Illuminate\Support\Facades\Facade.php(208): Illuminate\Support\Facades\Facade::resolveFacadeInstance('Illuminate\\Cont...')
#8 G:\eolf-sains-lara\vendor\laravel\framework\src\Illuminate\Support\Facades\Facade.php(351): Illuminate\Support\Facades\Facade::getFacadeRoot()
#9 Command line code(1): Illuminate\Support\Facades\Facade::__callStatic('abilities', Array)
#10 {main}
  thrown in G:\eolf-sains-lara\vendor\laravel\framework\src\Illuminate\Container\Container.php on line 1118
[18-Mar-2024 01:03:44 UTC] PHP Fatal error:  Uncaught Illuminate\Contracts\Container\BindingResolutionException: Target [Illuminate\Contracts\Auth\Access\Gate] is not instantiable while building [Spatie\LaravelIgnition\IgnitionServiceProvider]. in G:\eolf-sains-lara\vendor\laravel\framework\src\Illuminate\Container\Container.php:1118
Stack trace:
#0 G:\eolf-sains-lara\vendor\laravel\framework\src\Illuminate\Container\Container.php(913): Illuminate\Container\Container->notInstantiable('Illuminate\\Cont...')
#1 G:\eolf-sains-lara\vendor\laravel\framework\src\Illuminate\Container\Container.php(787): Illuminate\Container\Container->build('Illuminate\\Cont...')
#2 G:\eolf-sains-lara\vendor\laravel\framework\src\Illuminate\Foundation\Application.php(1026): Illuminate\Container\Container->resolve('Illuminate\\Cont...', Array, true)
#3 G:\eolf-sains-lara\vendor\laravel\framework\src\Illuminate\Container\Container.php(723): Illuminate\Foundation\Application->resolve('Illuminate\\Cont...', Array)
#4 G:\eolf-sains-lara\vendor\laravel\framework\src\Illuminate\Foundation\Application.php(1011): Illuminate\Container\Container->make('Illuminate\\Cont...', Array)
#5 G:\eolf-sains-lara\vendor\laravel\framework\src\Illuminate\Container\Container.php(1446): Illuminate\Foundation\Application->make('Illuminate\\Cont...')
#6 G:\eolf-sains-lara\vendor\laravel\framework\src\Illuminate\Support\Facades\Facade.php(237): Illuminate\Container\Container->offsetGet('Illuminate\\Cont...')
#7 G:\eolf-sains-lara\vendor\laravel\framework\src\Illuminate\Support\Facades\Facade.php(208): Illuminate\Support\Facades\Facade::resolveFacadeInstance('Illuminate\\Cont...')
#8 G:\eolf-sains-lara\vendor\laravel\framework\src\Illuminate\Support\Facades\Facade.php(351): Illuminate\Support\Facades\Facade::getFacadeRoot()
#9 Command line code(1): Illuminate\Support\Facades\Facade::__callStatic('abilities', Array)
#10 {main}
  thrown in G:\eolf-sains-lara\vendor\laravel\framework\src\Illuminate\Container\Container.php on line 1118
[18-Mar-2024 01:04:44 UTC] PHP Fatal error:  Uncaught Illuminate\Contracts\Container\BindingResolutionException: Target [Illuminate\Contracts\Auth\Access\Gate] is not instantiable while building [Spatie\LaravelIgnition\IgnitionServiceProvider]. in G:\eolf-sains-lara\vendor\laravel\framework\src\Illuminate\Container\Container.php:1118
Stack trace:
#0 G:\eolf-sains-lara\vendor\laravel\framework\src\Illuminate\Container\Container.php(913): Illuminate\Container\Container->notInstantiable('Illuminate\\Cont...')
#1 G:\eolf-sains-lara\vendor\laravel\framework\src\Illuminate\Container\Container.php(787): Illuminate\Container\Container->build('Illuminate\\Cont...')
#2 G:\eolf-sains-lara\vendor\laravel\framework\src\Illuminate\Foundation\Application.php(1026): Illuminate\Container\Container->resolve('Illuminate\\Cont...', Array, true)
#3 G:\eolf-sains-lara\vendor\laravel\framework\src\Illuminate\Container\Container.php(723): Illuminate\Foundation\Application->resolve('Illuminate\\Cont...', Array)
#4 G:\eolf-sains-lara\vendor\laravel\framework\src\Illuminate\Foundation\Application.php(1011): Illuminate\Container\Container->make('Illuminate\\Cont...', Array)
#5 G:\eolf-sains-lara\vendor\laravel\framework\src\Illuminate\Container\Container.php(1446): Illuminate\Foundation\Application->make('Illuminate\\Cont...')
#6 G:\eolf-sains-lara\vendor\laravel\framework\src\Illuminate\Support\Facades\Facade.php(237): Illuminate\Container\Container->offsetGet('Illuminate\\Cont...')
#7 G:\eolf-sains-lara\vendor\laravel\framework\src\Illuminate\Support\Facades\Facade.php(208): Illuminate\Support\Facades\Facade::resolveFacadeInstance('Illuminate\\Cont...')
#8 G:\eolf-sains-lara\vendor\laravel\framework\src\Illuminate\Support\Facades\Facade.php(351): Illuminate\Support\Facades\Facade::getFacadeRoot()
#9 Command line code(1): Illuminate\Support\Facades\Facade::__callStatic('abilities', Array)
#10 {main}
  thrown in G:\eolf-sains-lara\vendor\laravel\framework\src\Illuminate\Container\Container.php on line 1118
[18-Mar-2024 01:05:44 UTC] PHP Fatal error:  Uncaught Illuminate\Contracts\Container\BindingResolutionException: Target [Illuminate\Contracts\Auth\Access\Gate] is not instantiable while building [Spatie\LaravelIgnition\IgnitionServiceProvider]. in G:\eolf-sains-lara\vendor\laravel\framework\src\Illuminate\Container\Container.php:1118
Stack trace:
#0 G:\eolf-sains-lara\vendor\laravel\framework\src\Illuminate\Container\Container.php(913): Illuminate\Container\Container->notInstantiable('Illuminate\\Cont...')
#1 G:\eolf-sains-lara\vendor\laravel\framework\src\Illuminate\Container\Container.php(787): Illuminate\Container\Container->build('Illuminate\\Cont...')
#2 G:\eolf-sains-lara\vendor\laravel\framework\src\Illuminate\Foundation\Application.php(1026): Illuminate\Container\Container->resolve('Illuminate\\Cont...', Array, true)
#3 G:\eolf-sains-lara\vendor\laravel\framework\src\Illuminate\Container\Container.php(723): Illuminate\Foundation\Application->resolve('Illuminate\\Cont...', Array)
#4 G:\eolf-sains-lara\vendor\laravel\framework\src\Illuminate\Foundation\Application.php(1011): Illuminate\Container\Container->make('Illuminate\\Cont...', Array)
#5 G:\eolf-sains-lara\vendor\laravel\framework\src\Illuminate\Container\Container.php(1446): Illuminate\Foundation\Application->make('Illuminate\\Cont...')
#6 G:\eolf-sains-lara\vendor\laravel\framework\src\Illuminate\Support\Facades\Facade.php(237): Illuminate\Container\Container->offsetGet('Illuminate\\Cont...')
#7 G:\eolf-sains-lara\vendor\laravel\framework\src\Illuminate\Support\Facades\Facade.php(208): Illuminate\Support\Facades\Facade::resolveFacadeInstance('Illuminate\\Cont...')
#8 G:\eolf-sains-lara\vendor\laravel\framework\src\Illuminate\Support\Facades\Facade.php(351): Illuminate\Support\Facades\Facade::getFacadeRoot()
#9 Command line code(1): Illuminate\Support\Facades\Facade::__callStatic('abilities', Array)
#10 {main}
  thrown in G:\eolf-sains-lara\vendor\laravel\framework\src\Illuminate\Container\Container.php on line 1118
[18-Mar-2024 01:06:44 UTC] PHP Fatal error:  Uncaught Illuminate\Contracts\Container\BindingResolutionException: Target [Illuminate\Contracts\Auth\Access\Gate] is not instantiable while building [Spatie\LaravelIgnition\IgnitionServiceProvider]. in G:\eolf-sains-lara\vendor\laravel\framework\src\Illuminate\Container\Container.php:1118
Stack trace:
#0 G:\eolf-sains-lara\vendor\laravel\framework\src\Illuminate\Container\Container.php(913): Illuminate\Container\Container->notInstantiable('Illuminate\\Cont...')
#1 G:\eolf-sains-lara\vendor\laravel\framework\src\Illuminate\Container\Container.php(787): Illuminate\Container\Container->build('Illuminate\\Cont...')
#2 G:\eolf-sains-lara\vendor\laravel\framework\src\Illuminate\Foundation\Application.php(1026): Illuminate\Container\Container->resolve('Illuminate\\Cont...', Array, true)
#3 G:\eolf-sains-lara\vendor\laravel\framework\src\Illuminate\Container\Container.php(723): Illuminate\Foundation\Application->resolve('Illuminate\\Cont...', Array)
#4 G:\eolf-sains-lara\vendor\laravel\framework\src\Illuminate\Foundation\Application.php(1011): Illuminate\Container\Container->make('Illuminate\\Cont...', Array)
#5 G:\eolf-sains-lara\vendor\laravel\framework\src\Illuminate\Container\Container.php(1446): Illuminate\Foundation\Application->make('Illuminate\\Cont...')
#6 G:\eolf-sains-lara\vendor\laravel\framework\src\Illuminate\Support\Facades\Facade.php(237): Illuminate\Container\Container->offsetGet('Illuminate\\Cont...')
#7 G:\eolf-sains-lara\vendor\laravel\framework\src\Illuminate\Support\Facades\Facade.php(208): Illuminate\Support\Facades\Facade::resolveFacadeInstance('Illuminate\\Cont...')
#8 G:\eolf-sains-lara\vendor\laravel\framework\src\Illuminate\Support\Facades\Facade.php(351): Illuminate\Support\Facades\Facade::getFacadeRoot()
#9 Command line code(1): Illuminate\Support\Facades\Facade::__callStatic('abilities', Array)
#10 {main}
  thrown in G:\eolf-sains-lara\vendor\laravel\framework\src\Illuminate\Container\Container.php on line 1118
